// Jest Snapshot v1, https://goo.gl/fbAQLP

exports[`square renders without crashing 1`] = `
<div>
  <div
    className="board-row"
  >
    <Component
      onClick={[Function]}
      value={null}
    />
    <Component
      onClick={[Function]}
      value={null}
    />
    <Component
      onClick={[Function]}
      value={null}
    />
  </div>
  <div
    className="board-row"
  >
    <Component
      onClick={[Function]}
      value={null}
    />
    <Component
      onClick={[Function]}
      value={null}
    />
    <Component
      onClick={[Function]}
      value={null}
    />
  </div>
  <div
    className="board-row"
  >
    <Component
      onClick={[Function]}
      value={null}
    />
    <Component
      onClick={[Function]}
      value={null}
    />
    <Component
      onClick={[Function]}
      value={null}
    />
  </div>
</div>
`;
